2026-05-19 22:05:48 +08:00: Warning: connect.session() MemoryStore is not
2026-05-19 22:05:48 +08:00: designed for a production environment, as it will leak
2026-05-19 22:05:48 +08:00: memory, and will not scale past a single process.
2026-05-19 22:05:48 +08:00: Ignoring invalid configuration option passed to Connection: acquireTimeout. This is currently a warning, but in future versions of MySQL2, an error will be thrown if you pass an invalid configuration option to a Connection
2026-05-19 22:05:48 +08:00: Ignoring invalid configuration option passed to Connection: timeout. This is currently a warning, but in future versions of MySQL2, an error will be thrown if you pass an invalid configuration option to a Connection
2026-05-19 22:05:48 +08:00: Ignoring invalid configuration option passed to Connection: reconnect. This is currently a warning, but in future versions of MySQL2, an error will be thrown if you pass an invalid configuration option to a Connection
2026-05-19 22:05:49 +08:00: Error: listen EADDRINUSE: address already in use 0.0.0.0:3001
2026-05-19 22:05:49 +08:00:     at Server.setupListenHandle [as _listen2] (node:net:1948:16)
2026-05-19 22:05:49 +08:00:     at listenInCluster (node:net:2005:12)
2026-05-19 22:05:49 +08:00:     at node:net:2214:7
2026-05-19 22:05:49 +08:00:     at process.processTicksAndRejections (node:internal/process/task_queues:90:21) {
2026-05-19 22:05:49 +08:00:   code: 'EADDRINUSE',
2026-05-19 22:05:49 +08:00:   errno: -4091,
2026-05-19 22:05:49 +08:00:   syscall: 'listen',
2026-05-19 22:05:49 +08:00:   address: '0.0.0.0',
2026-05-19 22:05:49 +08:00:   port: 3001
2026-05-19 22:05:49 +08:00: }
2026-05-19 22:05:49 +08:00: Warning: connect.session() MemoryStore is not
2026-05-19 22:05:49 +08:00: designed for a production environment, as it will leak
2026-05-19 22:05:49 +08:00: memory, and will not scale past a single process.
2026-05-19 22:05:49 +08:00: Ignoring invalid configuration option passed to Connection: acquireTimeout. This is currently a warning, but in future versions of MySQL2, an error will be thrown if you pass an invalid configuration option to a Connection
2026-05-19 22:05:49 +08:00: Ignoring invalid configuration option passed to Connection: timeout. This is currently a warning, but in future versions of MySQL2, an error will be thrown if you pass an invalid configuration option to a Connection
2026-05-19 22:05:49 +08:00: Ignoring invalid configuration option passed to Connection: reconnect. This is currently a warning, but in future versions of MySQL2, an error will be thrown if you pass an invalid configuration option to a Connection
2026-05-19 22:05:49 +08:00: Error: listen EADDRINUSE: address already in use 0.0.0.0:3001
2026-05-19 22:05:49 +08:00:     at Server.setupListenHandle [as _listen2] (node:net:1948:16)
2026-05-19 22:05:49 +08:00:     at listenInCluster (node:net:2005:12)
2026-05-19 22:05:49 +08:00:     at node:net:2214:7
2026-05-19 22:05:49 +08:00:     at process.processTicksAndRejections (node:internal/process/task_queues:90:21) {
2026-05-19 22:05:49 +08:00:   code: 'EADDRINUSE',
2026-05-19 22:05:49 +08:00:   errno: -4091,
2026-05-19 22:05:49 +08:00:   syscall: 'listen',
2026-05-19 22:05:49 +08:00:   address: '0.0.0.0',
2026-05-19 22:05:49 +08:00:   port: 3001
2026-05-19 22:05:49 +08:00: }
2026-05-19 22:05:49 +08:00: Warning: connect.session() MemoryStore is not
2026-05-19 22:05:49 +08:00: designed for a production environment, as it will leak
2026-05-19 22:05:49 +08:00: memory, and will not scale past a single process.
2026-05-19 22:05:49 +08:00: Ignoring invalid configuration option passed to Connection: acquireTimeout. This is currently a warning, but in future versions of MySQL2, an error will be thrown if you pass an invalid configuration option to a Connection
2026-05-19 22:05:49 +08:00: Ignoring invalid configuration option passed to Connection: timeout. This is currently a warning, but in future versions of MySQL2, an error will be thrown if you pass an invalid configuration option to a Connection
2026-05-19 22:05:49 +08:00: Ignoring invalid configuration option passed to Connection: reconnect. This is currently a warning, but in future versions of MySQL2, an error will be thrown if you pass an invalid configuration option to a Connection
2026-05-19 22:05:49 +08:00: Error: listen EADDRINUSE: address already in use 0.0.0.0:3001
2026-05-19 22:05:49 +08:00:     at Server.setupListenHandle [as _listen2] (node:net:1948:16)
2026-05-19 22:05:49 +08:00:     at listenInCluster (node:net:2005:12)
2026-05-19 22:05:49 +08:00:     at node:net:2214:7
2026-05-19 22:05:49 +08:00:     at process.processTicksAndRejections (node:internal/process/task_queues:90:21) {
2026-05-19 22:05:49 +08:00:   code: 'EADDRINUSE',
2026-05-19 22:05:49 +08:00:   errno: -4091,
2026-05-19 22:05:49 +08:00:   syscall: 'listen',
2026-05-19 22:05:49 +08:00:   address: '0.0.0.0',
2026-05-19 22:05:49 +08:00:   port: 3001
2026-05-19 22:05:49 +08:00: }
2026-05-19 22:05:50 +08:00: Warning: connect.session() MemoryStore is not
2026-05-19 22:05:50 +08:00: designed for a production environment, as it will leak
2026-05-19 22:05:50 +08:00: memory, and will not scale past a single process.
2026-05-19 22:05:50 +08:00: Ignoring invalid configuration option passed to Connection: acquireTimeout. This is currently a warning, but in future versions of MySQL2, an error will be thrown if you pass an invalid configuration option to a Connection
2026-05-19 22:05:50 +08:00: Ignoring invalid configuration option passed to Connection: timeout. This is currently a warning, but in future versions of MySQL2, an error will be thrown if you pass an invalid configuration option to a Connection
2026-05-19 22:05:50 +08:00: Ignoring invalid configuration option passed to Connection: reconnect. This is currently a warning, but in future versions of MySQL2, an error will be thrown if you pass an invalid configuration option to a Connection
2026-05-19 22:05:50 +08:00: Error: listen EADDRINUSE: address already in use 0.0.0.0:3001
2026-05-19 22:05:50 +08:00:     at Server.setupListenHandle [as _listen2] (node:net:1948:16)
2026-05-19 22:05:50 +08:00:     at listenInCluster (node:net:2005:12)
2026-05-19 22:05:50 +08:00:     at node:net:2214:7
2026-05-19 22:05:50 +08:00:     at process.processTicksAndRejections (node:internal/process/task_queues:90:21) {
2026-05-19 22:05:50 +08:00:   code: 'EADDRINUSE',
2026-05-19 22:05:50 +08:00:   errno: -4091,
2026-05-19 22:05:50 +08:00:   syscall: 'listen',
2026-05-19 22:05:50 +08:00:   address: '0.0.0.0',
2026-05-19 22:05:50 +08:00:   port: 3001
2026-05-19 22:05:50 +08:00: }
2026-05-19 22:05:50 +08:00: Warning: connect.session() MemoryStore is not
2026-05-19 22:05:50 +08:00: designed for a production environment, as it will leak
2026-05-19 22:05:50 +08:00: memory, and will not scale past a single process.
2026-05-19 22:05:50 +08:00: Ignoring invalid configuration option passed to Connection: acquireTimeout. This is currently a warning, but in future versions of MySQL2, an error will be thrown if you pass an invalid configuration option to a Connection
2026-05-19 22:05:50 +08:00: Ignoring invalid configuration option passed to Connection: timeout. This is currently a warning, but in future versions of MySQL2, an error will be thrown if you pass an invalid configuration option to a Connection
2026-05-19 22:05:50 +08:00: Ignoring invalid configuration option passed to Connection: reconnect. This is currently a warning, but in future versions of MySQL2, an error will be thrown if you pass an invalid configuration option to a Connection
2026-05-19 22:05:51 +08:00: Error: listen EADDRINUSE: address already in use 0.0.0.0:3001
2026-05-19 22:05:51 +08:00:     at Server.setupListenHandle [as _listen2] (node:net:1948:16)
2026-05-19 22:05:51 +08:00:     at listenInCluster (node:net:2005:12)
2026-05-19 22:05:51 +08:00:     at node:net:2214:7
2026-05-19 22:05:51 +08:00:     at process.processTicksAndRejections (node:internal/process/task_queues:90:21) {
2026-05-19 22:05:51 +08:00:   code: 'EADDRINUSE',
2026-05-19 22:05:51 +08:00:   errno: -4091,
2026-05-19 22:05:51 +08:00:   syscall: 'listen',
2026-05-19 22:05:51 +08:00:   address: '0.0.0.0',
2026-05-19 22:05:51 +08:00:   port: 3001
2026-05-19 22:05:51 +08:00: }
2026-05-19 22:05:51 +08:00: Warning: connect.session() MemoryStore is not
2026-05-19 22:05:51 +08:00: designed for a production environment, as it will leak
2026-05-19 22:05:51 +08:00: memory, and will not scale past a single process.
2026-05-19 22:05:51 +08:00: Ignoring invalid configuration option passed to Connection: acquireTimeout. This is currently a warning, but in future versions of MySQL2, an error will be thrown if you pass an invalid configuration option to a Connection
2026-05-19 22:05:51 +08:00: Ignoring invalid configuration option passed to Connection: timeout. This is currently a warning, but in future versions of MySQL2, an error will be thrown if you pass an invalid configuration option to a Connection
2026-05-19 22:05:51 +08:00: Ignoring invalid configuration option passed to Connection: reconnect. This is currently a warning, but in future versions of MySQL2, an error will be thrown if you pass an invalid configuration option to a Connection
2026-05-19 22:05:51 +08:00: Error: listen EADDRINUSE: address already in use 0.0.0.0:3001
2026-05-19 22:05:51 +08:00:     at Server.setupListenHandle [as _listen2] (node:net:1948:16)
2026-05-19 22:05:51 +08:00:     at listenInCluster (node:net:2005:12)
2026-05-19 22:05:51 +08:00:     at node:net:2214:7
2026-05-19 22:05:51 +08:00:     at process.processTicksAndRejections (node:internal/process/task_queues:90:21) {
2026-05-19 22:05:51 +08:00:   code: 'EADDRINUSE',
2026-05-19 22:05:51 +08:00:   errno: -4091,
2026-05-19 22:05:51 +08:00:   syscall: 'listen',
2026-05-19 22:05:51 +08:00:   address: '0.0.0.0',
2026-05-19 22:05:51 +08:00:   port: 3001
2026-05-19 22:05:51 +08:00: }
2026-05-19 22:05:52 +08:00: Warning: connect.session() MemoryStore is not
2026-05-19 22:05:52 +08:00: designed for a production environment, as it will leak
2026-05-19 22:05:52 +08:00: memory, and will not scale past a single process.
2026-05-19 22:05:52 +08:00: Ignoring invalid configuration option passed to Connection: acquireTimeout. This is currently a warning, but in future versions of MySQL2, an error will be thrown if you pass an invalid configuration option to a Connection
2026-05-19 22:05:52 +08:00: Ignoring invalid configuration option passed to Connection: timeout. This is currently a warning, but in future versions of MySQL2, an error will be thrown if you pass an invalid configuration option to a Connection
2026-05-19 22:05:52 +08:00: Ignoring invalid configuration option passed to Connection: reconnect. This is currently a warning, but in future versions of MySQL2, an error will be thrown if you pass an invalid configuration option to a Connection
2026-05-19 22:05:52 +08:00: Error: listen EADDRINUSE: address already in use 0.0.0.0:3001
2026-05-19 22:05:52 +08:00:     at Server.setupListenHandle [as _listen2] (node:net:1948:16)
2026-05-19 22:05:52 +08:00:     at listenInCluster (node:net:2005:12)
2026-05-19 22:05:52 +08:00:     at node:net:2214:7
2026-05-19 22:05:52 +08:00:     at process.processTicksAndRejections (node:internal/process/task_queues:90:21) {
2026-05-19 22:05:52 +08:00:   code: 'EADDRINUSE',
2026-05-19 22:05:52 +08:00:   errno: -4091,
2026-05-19 22:05:52 +08:00:   syscall: 'listen',
2026-05-19 22:05:52 +08:00:   address: '0.0.0.0',
2026-05-19 22:05:52 +08:00:   port: 3001
2026-05-19 22:05:52 +08:00: }
2026-05-19 22:05:52 +08:00: Warning: connect.session() MemoryStore is not
2026-05-19 22:05:52 +08:00: designed for a production environment, as it will leak
2026-05-19 22:05:52 +08:00: memory, and will not scale past a single process.
2026-05-19 22:05:52 +08:00: Ignoring invalid configuration option passed to Connection: acquireTimeout. This is currently a warning, but in future versions of MySQL2, an error will be thrown if you pass an invalid configuration option to a Connection
2026-05-19 22:05:52 +08:00: Ignoring invalid configuration option passed to Connection: timeout. This is currently a warning, but in future versions of MySQL2, an error will be thrown if you pass an invalid configuration option to a Connection
2026-05-19 22:05:52 +08:00: Ignoring invalid configuration option passed to Connection: reconnect. This is currently a warning, but in future versions of MySQL2, an error will be thrown if you pass an invalid configuration option to a Connection
2026-05-19 22:05:53 +08:00: Error: listen EADDRINUSE: address already in use 0.0.0.0:3001
2026-05-19 22:05:53 +08:00:     at Server.setupListenHandle [as _listen2] (node:net:1948:16)
2026-05-19 22:05:53 +08:00:     at listenInCluster (node:net:2005:12)
2026-05-19 22:05:53 +08:00:     at node:net:2214:7
2026-05-19 22:05:53 +08:00:     at process.processTicksAndRejections (node:internal/process/task_queues:90:21) {
2026-05-19 22:05:53 +08:00:   code: 'EADDRINUSE',
2026-05-19 22:05:53 +08:00:   errno: -4091,
2026-05-19 22:05:53 +08:00:   syscall: 'listen',
2026-05-19 22:05:53 +08:00:   address: '0.0.0.0',
2026-05-19 22:05:53 +08:00:   port: 3001
2026-05-19 22:05:53 +08:00: }
2026-05-19 22:05:53 +08:00: Warning: connect.session() MemoryStore is not
2026-05-19 22:05:53 +08:00: designed for a production environment, as it will leak
2026-05-19 22:05:53 +08:00: memory, and will not scale past a single process.
2026-05-19 22:05:53 +08:00: Ignoring invalid configuration option passed to Connection: acquireTimeout. This is currently a warning, but in future versions of MySQL2, an error will be thrown if you pass an invalid configuration option to a Connection
2026-05-19 22:05:53 +08:00: Ignoring invalid configuration option passed to Connection: timeout. This is currently a warning, but in future versions of MySQL2, an error will be thrown if you pass an invalid configuration option to a Connection
2026-05-19 22:05:53 +08:00: Ignoring invalid configuration option passed to Connection: reconnect. This is currently a warning, but in future versions of MySQL2, an error will be thrown if you pass an invalid configuration option to a Connection
2026-05-19 22:05:53 +08:00: Error: listen EADDRINUSE: address already in use 0.0.0.0:3001
2026-05-19 22:05:53 +08:00:     at Server.setupListenHandle [as _listen2] (node:net:1948:16)
2026-05-19 22:05:53 +08:00:     at listenInCluster (node:net:2005:12)
2026-05-19 22:05:53 +08:00:     at node:net:2214:7
2026-05-19 22:05:53 +08:00:     at process.processTicksAndRejections (node:internal/process/task_queues:90:21) {
2026-05-19 22:05:53 +08:00:   code: 'EADDRINUSE',
2026-05-19 22:05:53 +08:00:   errno: -4091,
2026-05-19 22:05:53 +08:00:   syscall: 'listen',
2026-05-19 22:05:53 +08:00:   address: '0.0.0.0',
2026-05-19 22:05:53 +08:00:   port: 3001
2026-05-19 22:05:53 +08:00: }
2026-05-19 22:05:54 +08:00: Warning: connect.session() MemoryStore is not
2026-05-19 22:05:54 +08:00: designed for a production environment, as it will leak
2026-05-19 22:05:54 +08:00: memory, and will not scale past a single process.
2026-05-19 22:05:54 +08:00: Ignoring invalid configuration option passed to Connection: acquireTimeout. This is currently a warning, but in future versions of MySQL2, an error will be thrown if you pass an invalid configuration option to a Connection
2026-05-19 22:05:54 +08:00: Ignoring invalid configuration option passed to Connection: timeout. This is currently a warning, but in future versions of MySQL2, an error will be thrown if you pass an invalid configuration option to a Connection
2026-05-19 22:05:54 +08:00: Ignoring invalid configuration option passed to Connection: reconnect. This is currently a warning, but in future versions of MySQL2, an error will be thrown if you pass an invalid configuration option to a Connection
2026-05-19 22:05:54 +08:00: Error: listen EADDRINUSE: address already in use 0.0.0.0:3001
2026-05-19 22:05:54 +08:00:     at Server.setupListenHandle [as _listen2] (node:net:1948:16)
2026-05-19 22:05:54 +08:00:     at listenInCluster (node:net:2005:12)
2026-05-19 22:05:54 +08:00:     at node:net:2214:7
2026-05-19 22:05:54 +08:00:     at process.processTicksAndRejections (node:internal/process/task_queues:90:21) {
2026-05-19 22:05:54 +08:00:   code: 'EADDRINUSE',
2026-05-19 22:05:54 +08:00:   errno: -4091,
2026-05-19 22:05:54 +08:00:   syscall: 'listen',
2026-05-19 22:05:54 +08:00:   address: '0.0.0.0',
2026-05-19 22:05:54 +08:00:   port: 3001
2026-05-19 22:05:54 +08:00: }
2026-05-19 22:05:55 +08:00: Warning: connect.session() MemoryStore is not
2026-05-19 22:05:55 +08:00: designed for a production environment, as it will leak
2026-05-19 22:05:55 +08:00: memory, and will not scale past a single process.
2026-05-19 22:05:55 +08:00: Ignoring invalid configuration option passed to Connection: acquireTimeout. This is currently a warning, but in future versions of MySQL2, an error will be thrown if you pass an invalid configuration option to a Connection
2026-05-19 22:05:55 +08:00: Ignoring invalid configuration option passed to Connection: timeout. This is currently a warning, but in future versions of MySQL2, an error will be thrown if you pass an invalid configuration option to a Connection
2026-05-19 22:05:55 +08:00: Ignoring invalid configuration option passed to Connection: reconnect. This is currently a warning, but in future versions of MySQL2, an error will be thrown if you pass an invalid configuration option to a Connection
2026-05-19 22:05:55 +08:00: Error: listen EADDRINUSE: address already in use 0.0.0.0:3001
2026-05-19 22:05:55 +08:00:     at Server.setupListenHandle [as _listen2] (node:net:1948:16)
2026-05-19 22:05:55 +08:00:     at listenInCluster (node:net:2005:12)
2026-05-19 22:05:55 +08:00:     at node:net:2214:7
2026-05-19 22:05:55 +08:00:     at process.processTicksAndRejections (node:internal/process/task_queues:90:21) {
2026-05-19 22:05:55 +08:00:   code: 'EADDRINUSE',
2026-05-19 22:05:55 +08:00:   errno: -4091,
2026-05-19 22:05:55 +08:00:   syscall: 'listen',
2026-05-19 22:05:55 +08:00:   address: '0.0.0.0',
2026-05-19 22:05:55 +08:00:   port: 3001
2026-05-19 22:05:55 +08:00: }
2026-05-19 22:05:56 +08:00: Warning: connect.session() MemoryStore is not
2026-05-19 22:05:56 +08:00: designed for a production environment, as it will leak
2026-05-19 22:05:56 +08:00: memory, and will not scale past a single process.
2026-05-19 22:05:56 +08:00: Ignoring invalid configuration option passed to Connection: acquireTimeout. This is currently a warning, but in future versions of MySQL2, an error will be thrown if you pass an invalid configuration option to a Connection
2026-05-19 22:05:56 +08:00: Ignoring invalid configuration option passed to Connection: timeout. This is currently a warning, but in future versions of MySQL2, an error will be thrown if you pass an invalid configuration option to a Connection
2026-05-19 22:05:56 +08:00: Ignoring invalid configuration option passed to Connection: reconnect. This is currently a warning, but in future versions of MySQL2, an error will be thrown if you pass an invalid configuration option to a Connection
2026-05-19 22:05:56 +08:00: Error: listen EADDRINUSE: address already in use 0.0.0.0:3001
2026-05-19 22:05:56 +08:00:     at Server.setupListenHandle [as _listen2] (node:net:1948:16)
2026-05-19 22:05:56 +08:00:     at listenInCluster (node:net:2005:12)
2026-05-19 22:05:56 +08:00:     at node:net:2214:7
2026-05-19 22:05:56 +08:00:     at process.processTicksAndRejections (node:internal/process/task_queues:90:21) {
2026-05-19 22:05:56 +08:00:   code: 'EADDRINUSE',
2026-05-19 22:05:56 +08:00:   errno: -4091,
2026-05-19 22:05:56 +08:00:   syscall: 'listen',
2026-05-19 22:05:56 +08:00:   address: '0.0.0.0',
2026-05-19 22:05:56 +08:00:   port: 3001
2026-05-19 22:05:56 +08:00: }
2026-05-19 22:05:56 +08:00: Warning: connect.session() MemoryStore is not
2026-05-19 22:05:56 +08:00: designed for a production environment, as it will leak
2026-05-19 22:05:56 +08:00: memory, and will not scale past a single process.
2026-05-19 22:05:56 +08:00: Ignoring invalid configuration option passed to Connection: acquireTimeout. This is currently a warning, but in future versions of MySQL2, an error will be thrown if you pass an invalid configuration option to a Connection
2026-05-19 22:05:56 +08:00: Ignoring invalid configuration option passed to Connection: timeout. This is currently a warning, but in future versions of MySQL2, an error will be thrown if you pass an invalid configuration option to a Connection
2026-05-19 22:05:56 +08:00: Ignoring invalid configuration option passed to Connection: reconnect. This is currently a warning, but in future versions of MySQL2, an error will be thrown if you pass an invalid configuration option to a Connection
2026-05-19 22:05:56 +08:00: Error: listen EADDRINUSE: address already in use 0.0.0.0:3001
2026-05-19 22:05:56 +08:00:     at Server.setupListenHandle [as _listen2] (node:net:1948:16)
2026-05-19 22:05:56 +08:00:     at listenInCluster (node:net:2005:12)
2026-05-19 22:05:56 +08:00:     at node:net:2214:7
2026-05-19 22:05:56 +08:00:     at process.processTicksAndRejections (node:internal/process/task_queues:90:21) {
2026-05-19 22:05:56 +08:00:   code: 'EADDRINUSE',
2026-05-19 22:05:56 +08:00:   errno: -4091,
2026-05-19 22:05:56 +08:00:   syscall: 'listen',
2026-05-19 22:05:56 +08:00:   address: '0.0.0.0',
2026-05-19 22:05:56 +08:00:   port: 3001
2026-05-19 22:05:56 +08:00: }
2026-05-19 22:05:57 +08:00: Warning: connect.session() MemoryStore is not
2026-05-19 22:05:57 +08:00: designed for a production environment, as it will leak
2026-05-19 22:05:57 +08:00: memory, and will not scale past a single process.
2026-05-19 22:05:57 +08:00: Ignoring invalid configuration option passed to Connection: acquireTimeout. This is currently a warning, but in future versions of MySQL2, an error will be thrown if you pass an invalid configuration option to a Connection
2026-05-19 22:05:57 +08:00: Ignoring invalid configuration option passed to Connection: timeout. This is currently a warning, but in future versions of MySQL2, an error will be thrown if you pass an invalid configuration option to a Connection
2026-05-19 22:05:57 +08:00: Ignoring invalid configuration option passed to Connection: reconnect. This is currently a warning, but in future versions of MySQL2, an error will be thrown if you pass an invalid configuration option to a Connection
2026-05-19 22:05:57 +08:00: Error: listen EADDRINUSE: address already in use 0.0.0.0:3001
2026-05-19 22:05:57 +08:00:     at Server.setupListenHandle [as _listen2] (node:net:1948:16)
2026-05-19 22:05:57 +08:00:     at listenInCluster (node:net:2005:12)
2026-05-19 22:05:57 +08:00:     at node:net:2214:7
2026-05-19 22:05:57 +08:00:     at process.processTicksAndRejections (node:internal/process/task_queues:90:21) {
2026-05-19 22:05:57 +08:00:   code: 'EADDRINUSE',
2026-05-19 22:05:57 +08:00:   errno: -4091,
2026-05-19 22:05:57 +08:00:   syscall: 'listen',
2026-05-19 22:05:57 +08:00:   address: '0.0.0.0',
2026-05-19 22:05:57 +08:00:   port: 3001
2026-05-19 22:05:57 +08:00: }
2026-05-19 22:05:58 +08:00: Warning: connect.session() MemoryStore is not
2026-05-19 22:05:58 +08:00: designed for a production environment, as it will leak
2026-05-19 22:05:58 +08:00: memory, and will not scale past a single process.
2026-05-19 22:05:58 +08:00: Ignoring invalid configuration option passed to Connection: acquireTimeout. This is currently a warning, but in future versions of MySQL2, an error will be thrown if you pass an invalid configuration option to a Connection
2026-05-19 22:05:58 +08:00: Ignoring invalid configuration option passed to Connection: timeout. This is currently a warning, but in future versions of MySQL2, an error will be thrown if you pass an invalid configuration option to a Connection
2026-05-19 22:05:58 +08:00: Ignoring invalid configuration option passed to Connection: reconnect. This is currently a warning, but in future versions of MySQL2, an error will be thrown if you pass an invalid configuration option to a Connection
2026-05-19 22:05:58 +08:00: Error: listen EADDRINUSE: address already in use 0.0.0.0:3001
2026-05-19 22:05:58 +08:00:     at Server.setupListenHandle [as _listen2] (node:net:1948:16)
2026-05-19 22:05:58 +08:00:     at listenInCluster (node:net:2005:12)
2026-05-19 22:05:58 +08:00:     at node:net:2214:7
2026-05-19 22:05:58 +08:00:     at process.processTicksAndRejections (node:internal/process/task_queues:90:21) {
2026-05-19 22:05:58 +08:00:   code: 'EADDRINUSE',
2026-05-19 22:05:58 +08:00:   errno: -4091,
2026-05-19 22:05:58 +08:00:   syscall: 'listen',
2026-05-19 22:05:58 +08:00:   address: '0.0.0.0',
2026-05-19 22:05:58 +08:00:   port: 3001
2026-05-19 22:05:58 +08:00: }
2026-05-19 22:05:58 +08:00: Warning: connect.session() MemoryStore is not
2026-05-19 22:05:58 +08:00: designed for a production environment, as it will leak
2026-05-19 22:05:58 +08:00: memory, and will not scale past a single process.
2026-05-19 22:05:58 +08:00: Ignoring invalid configuration option passed to Connection: acquireTimeout. This is currently a warning, but in future versions of MySQL2, an error will be thrown if you pass an invalid configuration option to a Connection
2026-05-19 22:05:58 +08:00: Ignoring invalid configuration option passed to Connection: timeout. This is currently a warning, but in future versions of MySQL2, an error will be thrown if you pass an invalid configuration option to a Connection
2026-05-19 22:05:58 +08:00: Ignoring invalid configuration option passed to Connection: reconnect. This is currently a warning, but in future versions of MySQL2, an error will be thrown if you pass an invalid configuration option to a Connection
2026-05-19 22:05:58 +08:00: Error: listen EADDRINUSE: address already in use 0.0.0.0:3001
2026-05-19 22:05:58 +08:00:     at Server.setupListenHandle [as _listen2] (node:net:1948:16)
2026-05-19 22:05:58 +08:00:     at listenInCluster (node:net:2005:12)
2026-05-19 22:05:58 +08:00:     at node:net:2214:7
2026-05-19 22:05:58 +08:00:     at process.processTicksAndRejections (node:internal/process/task_queues:90:21) {
2026-05-19 22:05:58 +08:00:   code: 'EADDRINUSE',
2026-05-19 22:05:58 +08:00:   errno: -4091,
2026-05-19 22:05:58 +08:00:   syscall: 'listen',
2026-05-19 22:05:58 +08:00:   address: '0.0.0.0',
2026-05-19 22:05:58 +08:00:   port: 3001
2026-05-19 22:05:58 +08:00: }
